// Code generated by glojure codegen. DO NOT EDIT.

package def_DASH_simple

import (
	fmt "fmt"
	lang "github.com/glojurelang/glojure/pkg/lang"
	runtime "github.com/glojurelang/glojure/pkg/runtime"
)

func init() {
	runtime.RegisterNSLoader("codegen.test.def-simple", LoadNS)
}

func checkDerefVar(v *lang.Var) any {
	if v.IsMacro() {
		panic(lang.NewIllegalArgumentError(fmt.Sprintf("can't take value of macro: %v", v)))
	}
	return v.Get()
}

func checkArity(args []any, expected int) {
	if len(args) != expected {
		panic(lang.NewIllegalArgumentError("wrong number of arguments (" + fmt.Sprint(len(args)) + ")"))
	}
}

// LoadNS initializes the namespace "codegen.test.def-simple"
func LoadNS() {
	sym_codegen_DOT_test_DOT_def_DASH_simple := lang.NewSymbol("codegen.test.def-simple")
	sym_foo := lang.NewSymbol("foo")
	// reference fmt to avoid unused import error
	_ = fmt.Printf
	ns := lang.FindOrCreateNamespace(sym_codegen_DOT_test_DOT_def_DASH_simple)
	_ = ns
	// foo
	{
		tmp0 := sym_foo.WithMeta(lang.NewMap()).(*lang.Symbol)
		tmp1 := ns.Intern(tmp0)
		if tmp0.Meta() != nil {
			tmp1.SetMeta(tmp0.Meta().(lang.IPersistentMap))
		}
	}
}
