// Code generated by glojure codegen. DO NOT EDIT.

package fn_closure

import (
	fmt "fmt"
	lang "github.com/glojurelang/glojure/pkg/lang"
)

// LoadNS initializes the namespace "codegen.test.fn-closure"
func LoadNS() {
	checkDerefMacro := func(v *lang.Var) {
		if v.IsMacro() {
			panic(lang.NewIllegalArgumentError(fmt.Sprintf("can't take value of macro: %v", v)))
		}
	}
	_ = checkDerefMacro
	// var codegen.test.fn-closure/closed
	codegen_DOT_test_DOT_fn_closure_closed := lang.InternVarName(lang.NewSymbol("codegen.test.fn-closure"), lang.NewSymbol("closed"))
	// var codegen.test.fn-closure/get-atom
	codegen_DOT_test_DOT_fn_closure_get_atom := lang.InternVarName(lang.NewSymbol("codegen.test.fn-closure"), lang.NewSymbol("get-atom"))
	// var codegen.test.fn-closure/inc-atom
	codegen_DOT_test_DOT_fn_closure_inc_atom := lang.InternVarName(lang.NewSymbol("codegen.test.fn-closure"), lang.NewSymbol("inc-atom"))
	// var glojure.core/deref
	glojure_DOT_core_deref := lang.InternVarName(lang.NewSymbol("glojure.core"), lang.NewSymbol("deref"))
	// var glojure.core/inc
	glojure_DOT_core_inc := lang.InternVarName(lang.NewSymbol("glojure.core"), lang.NewSymbol("inc"))
	// var glojure.core/swap!
	glojure_DOT_core_swap_BANG_ := lang.InternVarName(lang.NewSymbol("glojure.core"), lang.NewSymbol("swap!"))
	// Closed-over values
	var closed0 any
	{
		closed0 = int64(42)
	}
	var closed1 any
	{
		tmp0 := lang.NewAtom(int64(0))
		closed1 = tmp0
	}

	// reference fmt to avoid unused import error
	_ = fmt.Printf
	ns := lang.FindOrCreateNamespace(lang.NewSymbol("codegen.test.fn-closure"))
	_ = ns
	// -main
	{
		tmp0 := lang.NewSymbol("-main").WithMeta(lang.NewMap(lang.NewKeyword("expected-output"), lang.NewVector(int64(42), int64(1)), lang.NewKeyword("file"), "codegen/test/fn_closure.glj", lang.NewKeyword("line"), int(13), lang.NewKeyword("column"), int(7), lang.NewKeyword("end-line"), int(13), lang.NewKeyword("end-column"), int(38), lang.NewKeyword("arglists"), lang.NewList(lang.NewVector()), lang.NewKeyword("ns"), lang.FindOrCreateNamespace(lang.NewSymbol("codegen.test.fn-closure")))).(*lang.Symbol)
		var tmp2 lang.FnFunc
		tmp2 = lang.NewFnFunc(func(args ...any) any {
			if len(args) != 0 {
				panic(lang.NewIllegalArgumentError("wrong number of arguments (" + fmt.Sprint(len(args)) + ")"))
			}
			checkDerefMacro(codegen_DOT_test_DOT_fn_closure_inc_atom)
			tmp3 := codegen_DOT_test_DOT_fn_closure_inc_atom.Get()
			tmp4 := lang.Apply(tmp3, nil)
			_ = tmp4
			checkDerefMacro(codegen_DOT_test_DOT_fn_closure_closed)
			tmp5 := codegen_DOT_test_DOT_fn_closure_closed.Get()
			tmp6 := lang.Apply(tmp5, nil)
			checkDerefMacro(codegen_DOT_test_DOT_fn_closure_get_atom)
			tmp7 := codegen_DOT_test_DOT_fn_closure_get_atom.Get()
			tmp8 := lang.Apply(tmp7, nil)
			tmp9 := lang.NewVector(tmp6, tmp8)
			tmp10 := lang.NewMap(lang.NewKeyword("file"), "codegen/test/fn_closure.glj", lang.NewKeyword("line"), int(15), lang.NewKeyword("column"), int(3), lang.NewKeyword("end-line"), int(16), lang.NewKeyword("end-column"), int(14))
			tmp11, err := lang.WithMeta(tmp9, tmp10.(lang.IPersistentMap))
			if err != nil {
				panic(err)
			}
			return tmp11
		})
		tmp2 = tmp2.WithMeta(lang.NewMap(lang.NewKeyword("rettag"), nil)).(lang.FnFunc)
		tmp1 := ns.InternWithValue(tmp0, tmp2, true)
		if tmp0.Meta() != nil {
			tmp1.SetMeta(tmp0.Meta().(lang.IPersistentMap))
		}
	}
	// closed
	{
		tmp0 := lang.NewSymbol("closed").WithMeta(lang.NewMap(lang.NewKeyword("file"), "codegen/test/fn_closure.glj", lang.NewKeyword("line"), int(5), lang.NewKeyword("column"), int(6), lang.NewKeyword("end-line"), int(5), lang.NewKeyword("end-column"), int(11), lang.NewKeyword("ns"), lang.FindOrCreateNamespace(lang.NewSymbol("codegen.test.fn-closure")))).(*lang.Symbol)
		var tmp2 lang.FnFunc
		tmp2 = lang.NewFnFunc(func(args ...any) any {
			if len(args) != 0 {
				panic(lang.NewIllegalArgumentError("wrong number of arguments (" + fmt.Sprint(len(args)) + ")"))
			}
			return closed0
		})
		tmp2 = tmp2.WithMeta(lang.NewMap(lang.NewKeyword("file"), "codegen/test/fn_closure.glj", lang.NewKeyword("line"), int(3), lang.NewKeyword("column"), int(32), lang.NewKeyword("end-line"), int(3), lang.NewKeyword("end-column"), int(49))).(lang.FnFunc)
		tmp1 := ns.InternWithValue(tmp0, tmp2, true)
		if tmp0.Meta() != nil {
			tmp1.SetMeta(tmp0.Meta().(lang.IPersistentMap))
		}
	}
	// gen-closure
	{
		tmp0 := lang.NewSymbol("gen-closure").WithMeta(lang.NewMap(lang.NewKeyword("file"), "codegen/test/fn_closure.glj", lang.NewKeyword("line"), int(3), lang.NewKeyword("column"), int(7), lang.NewKeyword("end-line"), int(3), lang.NewKeyword("end-column"), int(17), lang.NewKeyword("arglists"), lang.NewList(lang.NewVector(lang.NewSymbol("the-result"))), lang.NewKeyword("ns"), lang.FindOrCreateNamespace(lang.NewSymbol("codegen.test.fn-closure")))).(*lang.Symbol)
		var tmp2 lang.FnFunc
		tmp2 = lang.NewFnFunc(func(args ...any) any {
			if len(args) != 1 {
				panic(lang.NewIllegalArgumentError("wrong number of arguments (" + fmt.Sprint(len(args)) + ")"))
			}
			v3 := args[0]
			_ = v3
			var tmp4 lang.FnFunc
			tmp4 = lang.NewFnFunc(func(args ...any) any {
				if len(args) != 0 {
					panic(lang.NewIllegalArgumentError("wrong number of arguments (" + fmt.Sprint(len(args)) + ")"))
				}
				return v3
			})
			tmp5 := lang.NewMap(lang.NewKeyword("file"), "codegen/test/fn_closure.glj", lang.NewKeyword("line"), int(3), lang.NewKeyword("column"), int(32), lang.NewKeyword("end-line"), int(3), lang.NewKeyword("end-column"), int(49))
			tmp6, err := lang.WithMeta(tmp4, tmp5.(lang.IPersistentMap))
			if err != nil {
				panic(err)
			}
			return tmp6
		})
		tmp2 = tmp2.WithMeta(lang.NewMap(lang.NewKeyword("rettag"), nil)).(lang.FnFunc)
		tmp1 := ns.InternWithValue(tmp0, tmp2, true)
		if tmp0.Meta() != nil {
			tmp1.SetMeta(tmp0.Meta().(lang.IPersistentMap))
		}
	}
	// get-atom
	{
		tmp0 := lang.NewSymbol("get-atom").WithMeta(lang.NewMap(lang.NewKeyword("file"), "codegen/test/fn_closure.glj", lang.NewKeyword("line"), int(10), lang.NewKeyword("column"), int(9), lang.NewKeyword("end-line"), int(10), lang.NewKeyword("end-column"), int(16), lang.NewKeyword("arglists"), lang.NewList(lang.NewVector()), lang.NewKeyword("ns"), lang.FindOrCreateNamespace(lang.NewSymbol("codegen.test.fn-closure")))).(*lang.Symbol)
		var tmp2 lang.FnFunc
		tmp2 = lang.NewFnFunc(func(args ...any) any {
			if len(args) != 0 {
				panic(lang.NewIllegalArgumentError("wrong number of arguments (" + fmt.Sprint(len(args)) + ")"))
			}
			checkDerefMacro(glojure_DOT_core_deref)
			tmp3 := glojure_DOT_core_deref.Get()
			tmp4 := lang.Apply(tmp3, []any{closed1})
			return tmp4
		})
		tmp2 = tmp2.WithMeta(lang.NewMap(lang.NewKeyword("rettag"), nil)).(lang.FnFunc)
		tmp1 := ns.InternWithValue(tmp0, tmp2, true)
		if tmp0.Meta() != nil {
			tmp1.SetMeta(tmp0.Meta().(lang.IPersistentMap))
		}
	}
	// inc-atom
	{
		tmp0 := lang.NewSymbol("inc-atom").WithMeta(lang.NewMap(lang.NewKeyword("file"), "codegen/test/fn_closure.glj", lang.NewKeyword("line"), int(8), lang.NewKeyword("column"), int(9), lang.NewKeyword("end-line"), int(8), lang.NewKeyword("end-column"), int(16), lang.NewKeyword("arglists"), lang.NewList(lang.NewVector()), lang.NewKeyword("ns"), lang.FindOrCreateNamespace(lang.NewSymbol("codegen.test.fn-closure")))).(*lang.Symbol)
		var tmp2 lang.FnFunc
		tmp2 = lang.NewFnFunc(func(args ...any) any {
			if len(args) != 0 {
				panic(lang.NewIllegalArgumentError("wrong number of arguments (" + fmt.Sprint(len(args)) + ")"))
			}
			checkDerefMacro(glojure_DOT_core_swap_BANG_)
			tmp3 := glojure_DOT_core_swap_BANG_.Get()
			checkDerefMacro(glojure_DOT_core_inc)
			tmp4 := glojure_DOT_core_inc.Get()
			tmp5 := lang.Apply(tmp3, []any{closed1, tmp4})
			return tmp5
		})
		tmp2 = tmp2.WithMeta(lang.NewMap(lang.NewKeyword("rettag"), nil)).(lang.FnFunc)
		tmp1 := ns.InternWithValue(tmp0, tmp2, true)
		if tmp0.Meta() != nil {
			tmp1.SetMeta(tmp0.Meta().(lang.IPersistentMap))
		}
	}
}
