// Code generated by glojure codegen. DO NOT EDIT.

package with_DASH_meta

import (
	fmt "fmt"
	lang "github.com/glojurelang/glojure/pkg/lang"
	runtime "github.com/glojurelang/glojure/pkg/runtime"
	reflect "reflect"
)

func init() {
	runtime.RegisterNSLoader("codegen/test/with_meta", LoadNS)
}

func checkDerefVar(v *lang.Var) any {
	if v.IsMacro() {
		panic(lang.NewIllegalArgumentError(fmt.Sprintf("can't take value of macro: %v", v)))
	}
	return v.Get()
}

func checkArity(args []any, expected int) {
	if len(args) != expected {
		panic(lang.NewIllegalArgumentError("wrong number of arguments (" + fmt.Sprint(len(args)) + ")"))
	}
}

// LoadNS initializes the namespace "codegen.test.with-meta"
func LoadNS() {
	sym__DASH_main := lang.NewSymbol("-main")
	sym_codegen_DOT_test_DOT_with_DASH_meta := lang.NewSymbol("codegen.test.with-meta")
	sym_glojure_DOT_core := lang.NewSymbol("glojure.core")
	sym_meta := lang.NewSymbol("meta")
	kw_arglists := lang.NewKeyword("arglists")
	kw_bar := lang.NewKeyword("bar")
	kw_column := lang.NewKeyword("column")
	kw_end_DASH_column := lang.NewKeyword("end-column")
	kw_end_DASH_line := lang.NewKeyword("end-line")
	kw_expected_DASH_output := lang.NewKeyword("expected-output")
	kw_file := lang.NewKeyword("file")
	kw_foo := lang.NewKeyword("foo")
	kw_line := lang.NewKeyword("line")
	kw_ns := lang.NewKeyword("ns")
	kw_rettag := lang.NewKeyword("rettag")
	// var codegen.test.with-meta/-main
	var_codegen_DOT_test_DOT_with_DASH_meta__DASH_main := lang.InternVarName(sym_codegen_DOT_test_DOT_with_DASH_meta, sym__DASH_main)
	// var glojure.core/meta
	var_glojure_DOT_core_meta := lang.InternVarName(sym_glojure_DOT_core, sym_meta)
	// reference fmt to avoid unused import error
	_ = fmt.Printf
	// reference reflect to avoid unused import error
	_ = reflect.TypeOf
	ns := lang.FindOrCreateNamespace(sym_codegen_DOT_test_DOT_with_DASH_meta)
	_ = ns
	// -main
	{
		tmp0 := sym__DASH_main.WithMeta(lang.NewMap(kw_expected_DASH_output, kw_bar, kw_file, "codegen/test/with_meta.glj", kw_line, int(3), kw_column, int(7), kw_end_DASH_line, int(3), kw_end_DASH_column, int(36), kw_arglists, lang.NewList(lang.NewVector()), kw_ns, lang.FindOrCreateNamespace(sym_codegen_DOT_test_DOT_with_DASH_meta))).(*lang.Symbol)
		var tmp1 lang.FnFunc
		tmp1 = lang.NewFnFunc(func(args ...any) any {
			checkArity(args, 0)
			tmp2 := checkDerefVar(var_glojure_DOT_core_meta)
			tmp3 := lang.NewVector()
			tmp4 := lang.NewMap(kw_foo, kw_bar, kw_file, "codegen/test/with_meta.glj", kw_line, int(4), kw_column, int(15), kw_end_DASH_line, int(4), kw_end_DASH_column, int(28))
			tmp5 := lang.NewMap(kw_file, "codegen/test/with_meta.glj", kw_line, int(4), kw_column, int(16), kw_end_DASH_line, int(4), kw_end_DASH_column, int(26))
			tmp6, err := lang.WithMeta(tmp4, tmp5.(lang.IPersistentMap))
			if err != nil {
				panic(err)
			}
			tmp7, err := lang.WithMeta(tmp3, tmp6.(lang.IPersistentMap))
			if err != nil {
				panic(err)
			}
			tmp8 := lang.Apply(tmp2, []any{tmp7})
			tmp9 := lang.Apply(kw_foo, []any{tmp8})
			return tmp9
		})
		tmp1 = tmp1.WithMeta(lang.NewMap(kw_rettag, nil)).(lang.FnFunc)
		var_codegen_DOT_test_DOT_with_DASH_meta__DASH_main = ns.InternWithValue(tmp0, tmp1, true)
		if tmp0.Meta() != nil {
			var_codegen_DOT_test_DOT_with_DASH_meta__DASH_main.SetMeta(tmp0.Meta().(lang.IPersistentMap))
		}
	}
}
