// Code generated by glojure codegen. DO NOT EDIT.

package the_DASH_var

import (
	fmt "fmt"
	lang "github.com/glojurelang/glojure/pkg/lang"
	runtime "github.com/glojurelang/glojure/pkg/runtime"
	reflect "reflect"
)

func init() {
	runtime.RegisterNSLoader("codegen.test.the-var", LoadNS)
}

func checkDerefVar(v *lang.Var) any {
	if v.IsMacro() {
		panic(lang.NewIllegalArgumentError(fmt.Sprintf("can't take value of macro: %v", v)))
	}
	return v.Get()
}

func checkArity(args []any, expected int) {
	if len(args) != expected {
		panic(lang.NewIllegalArgumentError("wrong number of arguments (" + fmt.Sprint(len(args)) + ")"))
	}
}

// LoadNS initializes the namespace "codegen.test.the-var"
func LoadNS() {
	sym__DASH_main := lang.NewSymbol("-main")
	sym_codegen_DOT_test_DOT_the_DASH_var := lang.NewSymbol("codegen.test.the-var")
	sym_foo := lang.NewSymbol("foo")
	kw_arglists := lang.NewKeyword("arglists")
	kw_column := lang.NewKeyword("column")
	kw_end_DASH_column := lang.NewKeyword("end-column")
	kw_end_DASH_line := lang.NewKeyword("end-line")
	kw_expected_DASH_output := lang.NewKeyword("expected-output")
	kw_file := lang.NewKeyword("file")
	kw_line := lang.NewKeyword("line")
	kw_ns := lang.NewKeyword("ns")
	kw_rettag := lang.NewKeyword("rettag")
	// reference fmt to avoid unused import error
	_ = fmt.Printf
	ns := lang.FindOrCreateNamespace(sym_codegen_DOT_test_DOT_the_DASH_var)
	_ = ns
	// -main
	{
		tmp0 := sym__DASH_main.WithMeta(lang.NewMap(kw_expected_DASH_output, int64(42), kw_file, "codegen/test/the_var.glj", kw_line, int(5), kw_column, int(7), kw_end_DASH_line, int(5), kw_end_DASH_column, int(34), kw_arglists, lang.NewList(lang.NewVector()), kw_ns, lang.FindOrCreateNamespace(sym_codegen_DOT_test_DOT_the_DASH_var))).(*lang.Symbol)
		var tmp2 lang.FnFunc
		tmp2 = lang.NewFnFunc(func(args ...any) any {
			checkArity(args, 0)
			tmp3 := lang.InternVarName(sym_codegen_DOT_test_DOT_the_DASH_var, sym_foo)
			tmp4, ok := lang.FieldOrMethod(tmp3, "get")
			if !ok {
				panic(lang.NewIllegalArgumentError(fmt.Sprintf("no such field or method on %T: %s", tmp3, "get")))
			}
			var tmp5 any
			switch reflect.TypeOf(tmp4).Kind() {
			case reflect.Func:
				tmp5 = lang.Apply(tmp4, nil)
			default:
				tmp5 = tmp4
			}
			return tmp5
		})
		tmp2 = tmp2.WithMeta(lang.NewMap(kw_rettag, nil)).(lang.FnFunc)
		tmp1 := ns.InternWithValue(tmp0, tmp2, true)
		if tmp0.Meta() != nil {
			tmp1.SetMeta(tmp0.Meta().(lang.IPersistentMap))
		}
	}
	// foo
	{
		tmp0 := sym_foo.WithMeta(lang.NewMap(kw_file, "codegen/test/the_var.glj", kw_line, int(3), kw_column, int(6), kw_end_DASH_line, int(3), kw_end_DASH_column, int(8), kw_ns, lang.FindOrCreateNamespace(sym_codegen_DOT_test_DOT_the_DASH_var))).(*lang.Symbol)
		tmp1 := ns.InternWithValue(tmp0, int64(42), true)
		if tmp0.Meta() != nil {
			tmp1.SetMeta(tmp0.Meta().(lang.IPersistentMap))
		}
	}
}
