// Code generated by glojure codegen. DO NOT EDIT.

package try_DASH_basic

import (
	fmt "fmt"
	lang "github.com/glojurelang/glojure/pkg/lang"
)

func checkDerefVar(v *lang.Var) any {
	if v.IsMacro() {
		panic(lang.NewIllegalArgumentError(fmt.Sprintf("can't take value of macro: %v", v)))
	}
	return v.Get()
}
func checkArity(args []any, expected int) {
	if len(args) != expected {
		panic(lang.NewIllegalArgumentError("wrong number of arguments (" + fmt.Sprint(len(args)) + ")"))
	}
}

// LoadNS initializes the namespace "codegen.test.try-basic"
func LoadNS() {
	sym__DASH_main := lang.NewSymbol("-main")
	sym__EQ_ := lang.NewSymbol("=")
	sym_basic_DASH_try := lang.NewSymbol("basic-try")
	sym_codegen_DOT_test_DOT_try_DASH_basic := lang.NewSymbol("codegen.test.try-basic")
	sym_glojure_DOT_core := lang.NewSymbol("glojure.core")
	sym_nested_DASH_try := lang.NewSymbol("nested-try")
	sym_try_DASH_catch_DASH_finally := lang.NewSymbol("try-catch-finally")
	sym_try_DASH_finally_DASH_only := lang.NewSymbol("try-finally-only")
	sym_try_DASH_no_DASH_catch := lang.NewSymbol("try-no-catch")
	sym_try_DASH_with_DASH_throw := lang.NewSymbol("try-with-throw")
	kw_arglists := lang.NewKeyword("arglists")
	kw_column := lang.NewKeyword("column")
	kw_end_DASH_column := lang.NewKeyword("end-column")
	kw_end_DASH_line := lang.NewKeyword("end-line")
	kw_expected_DASH_output := lang.NewKeyword("expected-output")
	kw_file := lang.NewKeyword("file")
	kw_line := lang.NewKeyword("line")
	kw_ns := lang.NewKeyword("ns")
	kw_rettag := lang.NewKeyword("rettag")
	// var codegen.test.try-basic/basic-try
	var_codegen_DOT_test_DOT_try_DASH_basic_basic_DASH_try := lang.InternVarName(sym_codegen_DOT_test_DOT_try_DASH_basic, sym_basic_DASH_try)
	// var codegen.test.try-basic/nested-try
	var_codegen_DOT_test_DOT_try_DASH_basic_nested_DASH_try := lang.InternVarName(sym_codegen_DOT_test_DOT_try_DASH_basic, sym_nested_DASH_try)
	// var codegen.test.try-basic/try-catch-finally
	var_codegen_DOT_test_DOT_try_DASH_basic_try_DASH_catch_DASH_finally := lang.InternVarName(sym_codegen_DOT_test_DOT_try_DASH_basic, sym_try_DASH_catch_DASH_finally)
	// var codegen.test.try-basic/try-finally-only
	var_codegen_DOT_test_DOT_try_DASH_basic_try_DASH_finally_DASH_only := lang.InternVarName(sym_codegen_DOT_test_DOT_try_DASH_basic, sym_try_DASH_finally_DASH_only)
	// var codegen.test.try-basic/try-no-catch
	var_codegen_DOT_test_DOT_try_DASH_basic_try_DASH_no_DASH_catch := lang.InternVarName(sym_codegen_DOT_test_DOT_try_DASH_basic, sym_try_DASH_no_DASH_catch)
	// var codegen.test.try-basic/try-with-throw
	var_codegen_DOT_test_DOT_try_DASH_basic_try_DASH_with_DASH_throw := lang.InternVarName(sym_codegen_DOT_test_DOT_try_DASH_basic, sym_try_DASH_with_DASH_throw)
	// var glojure.core/=
	var_glojure_DOT_core__EQ_ := lang.InternVarName(sym_glojure_DOT_core, sym__EQ_)
	// reference fmt to avoid unused import error
	_ = fmt.Printf
	ns := lang.FindOrCreateNamespace(sym_codegen_DOT_test_DOT_try_DASH_basic)
	_ = ns
	// -main
	{
		tmp0 := sym__DASH_main.WithMeta(lang.NewMap(kw_expected_DASH_output, "all tests passed", kw_file, "codegen/test/try_basic.glj", kw_line, int(43), kw_column, int(7), kw_end_DASH_line, int(43), kw_end_DASH_column, int(50), kw_arglists, lang.NewList(lang.NewVector()), kw_ns, lang.FindOrCreateNamespace(sym_codegen_DOT_test_DOT_try_DASH_basic))).(*lang.Symbol)
		var tmp2 lang.FnFunc
		tmp2 = lang.NewFnFunc(func(args ...any) any {
			checkArity(args, 0)
			var tmp3 any
			tmp4 := checkDerefVar(var_glojure_DOT_core__EQ_)
			tmp5 := checkDerefVar(var_codegen_DOT_test_DOT_try_DASH_basic_basic_DASH_try)
			tmp6 := lang.Apply(tmp5, nil)
			tmp7 := lang.Apply(tmp4, []any{tmp6, "success"})
			if lang.IsTruthy(tmp7) {
			} else {
				panic("basic-try failed")
			}
			_ = tmp3
			var tmp8 any
			tmp9 := checkDerefVar(var_glojure_DOT_core__EQ_)
			tmp10 := checkDerefVar(var_codegen_DOT_test_DOT_try_DASH_basic_try_DASH_with_DASH_throw)
			tmp11 := lang.Apply(tmp10, nil)
			tmp12 := lang.Apply(tmp9, []any{tmp11, "caught exception"})
			if lang.IsTruthy(tmp12) {
			} else {
				panic("try-with-throw failed")
			}
			_ = tmp8
			var tmp13 any
			tmp14 := checkDerefVar(var_glojure_DOT_core__EQ_)
			tmp15 := checkDerefVar(var_codegen_DOT_test_DOT_try_DASH_basic_try_DASH_no_DASH_catch)
			tmp16 := lang.Apply(tmp15, nil)
			tmp17 := lang.Apply(tmp14, []any{tmp16, "just body"})
			if lang.IsTruthy(tmp17) {
			} else {
				panic("try-no-catch failed")
			}
			_ = tmp13
			var tmp18 any
			tmp19 := checkDerefVar(var_glojure_DOT_core__EQ_)
			tmp20 := checkDerefVar(var_codegen_DOT_test_DOT_try_DASH_basic_try_DASH_finally_DASH_only)
			tmp21 := lang.Apply(tmp20, nil)
			tmp22 := lang.Apply(tmp19, []any{tmp21, "body"})
			if lang.IsTruthy(tmp22) {
			} else {
				panic("try-finally-only failed")
			}
			_ = tmp18
			var tmp23 any
			tmp24 := checkDerefVar(var_glojure_DOT_core__EQ_)
			tmp25 := checkDerefVar(var_codegen_DOT_test_DOT_try_DASH_basic_try_DASH_catch_DASH_finally)
			tmp26 := lang.Apply(tmp25, nil)
			tmp27 := lang.Apply(tmp24, []any{tmp26, "caught"})
			if lang.IsTruthy(tmp27) {
			} else {
				panic("try-catch-finally failed")
			}
			_ = tmp23
			var tmp28 any
			tmp29 := checkDerefVar(var_glojure_DOT_core__EQ_)
			tmp30 := checkDerefVar(var_codegen_DOT_test_DOT_try_DASH_basic_nested_DASH_try)
			tmp31 := lang.Apply(tmp30, nil)
			tmp32 := lang.Apply(tmp29, []any{tmp31, "inner caught"})
			if lang.IsTruthy(tmp32) {
			} else {
				panic("nested-try failed")
			}
			_ = tmp28
			return "all tests passed"
		})
		tmp2 = tmp2.WithMeta(lang.NewMap(kw_rettag, nil)).(lang.FnFunc)
		tmp1 := ns.InternWithValue(tmp0, tmp2, true)
		if tmp0.Meta() != nil {
			tmp1.SetMeta(tmp0.Meta().(lang.IPersistentMap))
		}
	}
	// basic-try
	{
		tmp0 := sym_basic_DASH_try.WithMeta(lang.NewMap(kw_file, "codegen/test/try_basic.glj", kw_line, int(3), kw_column, int(7), kw_end_DASH_line, int(3), kw_end_DASH_column, int(15), kw_arglists, lang.NewList(lang.NewVector()), kw_ns, lang.FindOrCreateNamespace(sym_codegen_DOT_test_DOT_try_DASH_basic))).(*lang.Symbol)
		var tmp2 lang.FnFunc
		tmp2 = lang.NewFnFunc(func(args ...any) any {
			checkArity(args, 0)
			var tmp3 any
			func() {
				defer func() {
					if r := recover(); r != nil {
						if lang.CatchMatches(r, lang.Builtins["any"]) {
							v4 := r
							_ = v4
							tmp3 = "caught"
						} else {
							panic(r)
						}
					}
				}()
				tmp3 = "success"
			}()
			return tmp3
		})
		tmp2 = tmp2.WithMeta(lang.NewMap(kw_rettag, nil)).(lang.FnFunc)
		tmp1 := ns.InternWithValue(tmp0, tmp2, true)
		if tmp0.Meta() != nil {
			tmp1.SetMeta(tmp0.Meta().(lang.IPersistentMap))
		}
	}
	// nested-try
	{
		tmp0 := sym_nested_DASH_try.WithMeta(lang.NewMap(kw_file, "codegen/test/try_basic.glj", kw_line, int(34), kw_column, int(7), kw_end_DASH_line, int(34), kw_end_DASH_column, int(16), kw_arglists, lang.NewList(lang.NewVector()), kw_ns, lang.FindOrCreateNamespace(sym_codegen_DOT_test_DOT_try_DASH_basic))).(*lang.Symbol)
		var tmp2 lang.FnFunc
		tmp2 = lang.NewFnFunc(func(args ...any) any {
			checkArity(args, 0)
			var tmp3 any
			func() {
				defer func() {
					if r := recover(); r != nil {
						if lang.CatchMatches(r, lang.Builtins["any"]) {
							v4 := r
							_ = v4
							tmp3 = "outer caught"
						} else {
							panic(r)
						}
					}
				}()
				var tmp4 any
				func() {
					defer func() {
						if r := recover(); r != nil {
							if lang.CatchMatches(r, lang.Builtins["any"]) {
								v5 := r
								_ = v5
								tmp4 = "inner caught"
							} else {
								panic(r)
							}
						}
					}()
					panic("inner")
				}()
				tmp3 = tmp4
			}()
			return tmp3
		})
		tmp2 = tmp2.WithMeta(lang.NewMap(kw_rettag, nil)).(lang.FnFunc)
		tmp1 := ns.InternWithValue(tmp0, tmp2, true)
		if tmp0.Meta() != nil {
			tmp1.SetMeta(tmp0.Meta().(lang.IPersistentMap))
		}
	}
	// try-catch-finally
	{
		tmp0 := sym_try_DASH_catch_DASH_finally.WithMeta(lang.NewMap(kw_file, "codegen/test/try_basic.glj", kw_line, int(26), kw_column, int(7), kw_end_DASH_line, int(26), kw_end_DASH_column, int(23), kw_arglists, lang.NewList(lang.NewVector()), kw_ns, lang.FindOrCreateNamespace(sym_codegen_DOT_test_DOT_try_DASH_basic))).(*lang.Symbol)
		var tmp2 lang.FnFunc
		tmp2 = lang.NewFnFunc(func(args ...any) any {
			checkArity(args, 0)
			var tmp3 any
			func() {
				defer func() {
				}()
				defer func() {
					if r := recover(); r != nil {
						if lang.CatchMatches(r, lang.Builtins["any"]) {
							v4 := r
							_ = v4
							tmp3 = "caught"
						} else {
							panic(r)
						}
					}
				}()
				panic("error")
			}()
			return tmp3
		})
		tmp2 = tmp2.WithMeta(lang.NewMap(kw_rettag, nil)).(lang.FnFunc)
		tmp1 := ns.InternWithValue(tmp0, tmp2, true)
		if tmp0.Meta() != nil {
			tmp1.SetMeta(tmp0.Meta().(lang.IPersistentMap))
		}
	}
	// try-finally-only
	{
		tmp0 := sym_try_DASH_finally_DASH_only.WithMeta(lang.NewMap(kw_file, "codegen/test/try_basic.glj", kw_line, int(20), kw_column, int(7), kw_end_DASH_line, int(20), kw_end_DASH_column, int(22), kw_arglists, lang.NewList(lang.NewVector()), kw_ns, lang.FindOrCreateNamespace(sym_codegen_DOT_test_DOT_try_DASH_basic))).(*lang.Symbol)
		var tmp2 lang.FnFunc
		tmp2 = lang.NewFnFunc(func(args ...any) any {
			checkArity(args, 0)
			var tmp3 any
			func() {
				defer func() {
				}()
				tmp3 = "body"
			}()
			return tmp3
		})
		tmp2 = tmp2.WithMeta(lang.NewMap(kw_rettag, nil)).(lang.FnFunc)
		tmp1 := ns.InternWithValue(tmp0, tmp2, true)
		if tmp0.Meta() != nil {
			tmp1.SetMeta(tmp0.Meta().(lang.IPersistentMap))
		}
	}
	// try-no-catch
	{
		tmp0 := sym_try_DASH_no_DASH_catch.WithMeta(lang.NewMap(kw_file, "codegen/test/try_basic.glj", kw_line, int(16), kw_column, int(7), kw_end_DASH_line, int(16), kw_end_DASH_column, int(18), kw_arglists, lang.NewList(lang.NewVector()), kw_ns, lang.FindOrCreateNamespace(sym_codegen_DOT_test_DOT_try_DASH_basic))).(*lang.Symbol)
		var tmp2 lang.FnFunc
		tmp2 = lang.NewFnFunc(func(args ...any) any {
			checkArity(args, 0)
			var tmp3 any
			func() {
				tmp3 = "just body"
			}()
			return tmp3
		})
		tmp2 = tmp2.WithMeta(lang.NewMap(kw_rettag, nil)).(lang.FnFunc)
		tmp1 := ns.InternWithValue(tmp0, tmp2, true)
		if tmp0.Meta() != nil {
			tmp1.SetMeta(tmp0.Meta().(lang.IPersistentMap))
		}
	}
	// try-with-throw
	{
		tmp0 := sym_try_DASH_with_DASH_throw.WithMeta(lang.NewMap(kw_file, "codegen/test/try_basic.glj", kw_line, int(9), kw_column, int(7), kw_end_DASH_line, int(9), kw_end_DASH_column, int(20), kw_arglists, lang.NewList(lang.NewVector()), kw_ns, lang.FindOrCreateNamespace(sym_codegen_DOT_test_DOT_try_DASH_basic))).(*lang.Symbol)
		var tmp2 lang.FnFunc
		tmp2 = lang.NewFnFunc(func(args ...any) any {
			checkArity(args, 0)
			var tmp3 any
			func() {
				defer func() {
					if r := recover(); r != nil {
						if lang.CatchMatches(r, lang.Builtins["any"]) {
							v4 := r
							_ = v4
							tmp3 = "caught exception"
						} else {
							panic(r)
						}
					}
				}()
				panic("test error")
				tmp3 = "not reached"
			}()
			return tmp3
		})
		tmp2 = tmp2.WithMeta(lang.NewMap(kw_rettag, nil)).(lang.FnFunc)
		tmp1 := ns.InternWithValue(tmp0, tmp2, true)
		if tmp0.Meta() != nil {
			tmp1.SetMeta(tmp0.Meta().(lang.IPersistentMap))
		}
	}
}
