// Code generated by glojure codegen. DO NOT EDIT.

package fn_DASH_closure

import (
	fmt "fmt"
	lang "github.com/glojurelang/glojure/pkg/lang"
	runtime "github.com/glojurelang/glojure/pkg/runtime"
	reflect "reflect"
)

func init() {
	runtime.RegisterNSLoader("codegen/test/fn_closure", LoadNS)
}

func checkDerefVar(v *lang.Var) any {
	if v.IsMacro() {
		panic(lang.NewIllegalArgumentError(fmt.Sprintf("can't take value of macro: %v", v)))
	}
	return v.Get()
}

func checkArity(args []any, expected int) {
	if len(args) != expected {
		panic(lang.NewIllegalArgumentError("wrong number of arguments (" + fmt.Sprint(len(args)) + ")"))
	}
}

func checkArityGTE(args []any, min int) {
	if len(args) < min {
		panic(lang.NewIllegalArgumentError("wrong number of arguments (" + fmt.Sprint(len(args)) + ")"))
	}
}

// LoadNS initializes the namespace "codegen.test.fn-closure"
func LoadNS() {
	sym__DASH_main := lang.NewSymbol("-main")
	sym_clojure_DOT_core := lang.NewSymbol("clojure.core")
	sym_closed := lang.NewSymbol("closed")
	sym_codegen_DOT_test_DOT_fn_DASH_closure := lang.NewSymbol("codegen.test.fn-closure")
	sym_deref := lang.NewSymbol("deref")
	sym_gen_DASH_closure := lang.NewSymbol("gen-closure")
	sym_get_DASH_atom := lang.NewSymbol("get-atom")
	sym_inc := lang.NewSymbol("inc")
	sym_inc_DASH_atom := lang.NewSymbol("inc-atom")
	sym_swap_BANG_ := lang.NewSymbol("swap!")
	sym_the_DASH_result := lang.NewSymbol("the-result")
	kw_arglists := lang.NewKeyword("arglists")
	kw_column := lang.NewKeyword("column")
	kw_end_DASH_column := lang.NewKeyword("end-column")
	kw_end_DASH_line := lang.NewKeyword("end-line")
	kw_expected_DASH_output := lang.NewKeyword("expected-output")
	kw_file := lang.NewKeyword("file")
	kw_line := lang.NewKeyword("line")
	kw_ns := lang.NewKeyword("ns")
	kw_rettag := lang.NewKeyword("rettag")
	// var clojure.core/deref
	var_clojure_DOT_core_deref := lang.InternVarName(sym_clojure_DOT_core, sym_deref)
	// var clojure.core/inc
	var_clojure_DOT_core_inc := lang.InternVarName(sym_clojure_DOT_core, sym_inc)
	// var clojure.core/swap!
	var_clojure_DOT_core_swap_BANG_ := lang.InternVarName(sym_clojure_DOT_core, sym_swap_BANG_)
	// var codegen.test.fn-closure/-main
	var_codegen_DOT_test_DOT_fn_DASH_closure__DASH_main := lang.InternVarName(sym_codegen_DOT_test_DOT_fn_DASH_closure, sym__DASH_main)
	// var codegen.test.fn-closure/closed
	var_codegen_DOT_test_DOT_fn_DASH_closure_closed := lang.InternVarName(sym_codegen_DOT_test_DOT_fn_DASH_closure, sym_closed)
	// var codegen.test.fn-closure/gen-closure
	var_codegen_DOT_test_DOT_fn_DASH_closure_gen_DASH_closure := lang.InternVarName(sym_codegen_DOT_test_DOT_fn_DASH_closure, sym_gen_DASH_closure)
	// var codegen.test.fn-closure/get-atom
	var_codegen_DOT_test_DOT_fn_DASH_closure_get_DASH_atom := lang.InternVarName(sym_codegen_DOT_test_DOT_fn_DASH_closure, sym_get_DASH_atom)
	// var codegen.test.fn-closure/inc-atom
	var_codegen_DOT_test_DOT_fn_DASH_closure_inc_DASH_atom := lang.InternVarName(sym_codegen_DOT_test_DOT_fn_DASH_closure, sym_inc_DASH_atom)
	// reference fmt to avoid unused import error
	_ = fmt.Printf
	// reference reflect to avoid unused import error
	_ = reflect.TypeOf
	ns := lang.FindOrCreateNamespace(sym_codegen_DOT_test_DOT_fn_DASH_closure)
	_ = ns
	var closed0 any
	{
		closed0 = int64(42)
	}
	var closed1 any
	{
		tmp0 := lang.NewAtom(int64(0))
		closed1 = tmp0
	}
	// closed
	{
		tmp0 := sym_closed.WithMeta(lang.NewMap(kw_file, "codegen/test/fn_closure.glj", kw_line, int(5), kw_column, int(6), kw_end_DASH_line, int(5), kw_end_DASH_column, int(11), kw_ns, lang.FindOrCreateNamespace(sym_codegen_DOT_test_DOT_fn_DASH_closure))).(*lang.Symbol)
		var tmp1 lang.FnFunc
		tmp1 = lang.NewFnFunc(func(args ...any) any {
			checkArity(args, 0)
			return closed0
		})
		tmp1 = tmp1.WithMeta(lang.NewMap(kw_file, "codegen/test/fn_closure.glj", kw_line, int(3), kw_column, int(32), kw_end_DASH_line, int(3), kw_end_DASH_column, int(49))).(lang.FnFunc)
		var_codegen_DOT_test_DOT_fn_DASH_closure_closed = ns.InternWithValue(tmp0, tmp1, true)
		if tmp0.Meta() != nil {
			var_codegen_DOT_test_DOT_fn_DASH_closure_closed.SetMeta(tmp0.Meta().(lang.IPersistentMap))
		}
	}
	// gen-closure
	{
		tmp0 := sym_gen_DASH_closure.WithMeta(lang.NewMap(kw_file, "codegen/test/fn_closure.glj", kw_line, int(3), kw_column, int(7), kw_end_DASH_line, int(3), kw_end_DASH_column, int(17), kw_arglists, lang.NewList(lang.NewVector(sym_the_DASH_result)), kw_ns, lang.FindOrCreateNamespace(sym_codegen_DOT_test_DOT_fn_DASH_closure))).(*lang.Symbol)
		var tmp1 lang.FnFunc
		tmp1 = lang.NewFnFunc(func(args ...any) any {
			checkArity(args, 1)
			v2 := args[0]
			_ = v2
			var tmp3 lang.FnFunc
			tmp3 = lang.NewFnFunc(func(args ...any) any {
				checkArity(args, 0)
				return v2
			})
			tmp4 := lang.NewMap(kw_file, "codegen/test/fn_closure.glj", kw_line, int(3), kw_column, int(32), kw_end_DASH_line, int(3), kw_end_DASH_column, int(49))
			tmp5, err := lang.WithMeta(tmp3, tmp4.(lang.IPersistentMap))
			if err != nil {
				panic(err)
			}
			return tmp5
		})
		tmp1 = tmp1.WithMeta(lang.NewMap(kw_rettag, nil)).(lang.FnFunc)
		var_codegen_DOT_test_DOT_fn_DASH_closure_gen_DASH_closure = ns.InternWithValue(tmp0, tmp1, true)
		if tmp0.Meta() != nil {
			var_codegen_DOT_test_DOT_fn_DASH_closure_gen_DASH_closure.SetMeta(tmp0.Meta().(lang.IPersistentMap))
		}
	}
	// -main
	{
		tmp0 := sym__DASH_main.WithMeta(lang.NewMap(kw_expected_DASH_output, lang.NewVector(int64(42), int64(1)), kw_file, "codegen/test/fn_closure.glj", kw_line, int(13), kw_column, int(7), kw_end_DASH_line, int(13), kw_end_DASH_column, int(38), kw_arglists, lang.NewList(lang.NewVector()), kw_ns, lang.FindOrCreateNamespace(sym_codegen_DOT_test_DOT_fn_DASH_closure))).(*lang.Symbol)
		var tmp1 lang.FnFunc
		tmp1 = lang.NewFnFunc(func(args ...any) any {
			checkArity(args, 0)
			tmp2 := checkDerefVar(var_codegen_DOT_test_DOT_fn_DASH_closure_inc_DASH_atom)
			tmp3 := lang.Apply(tmp2, nil)
			_ = tmp3
			tmp4 := checkDerefVar(var_codegen_DOT_test_DOT_fn_DASH_closure_closed)
			tmp5 := lang.Apply(tmp4, nil)
			tmp6 := checkDerefVar(var_codegen_DOT_test_DOT_fn_DASH_closure_get_DASH_atom)
			tmp7 := lang.Apply(tmp6, nil)
			tmp8 := lang.NewVector(tmp5, tmp7)
			tmp9 := lang.NewMap(kw_file, "codegen/test/fn_closure.glj", kw_line, int(15), kw_column, int(3), kw_end_DASH_line, int(16), kw_end_DASH_column, int(14))
			tmp10, err := lang.WithMeta(tmp8, tmp9.(lang.IPersistentMap))
			if err != nil {
				panic(err)
			}
			return tmp10
		})
		tmp1 = tmp1.WithMeta(lang.NewMap(kw_rettag, nil)).(lang.FnFunc)
		var_codegen_DOT_test_DOT_fn_DASH_closure__DASH_main = ns.InternWithValue(tmp0, tmp1, true)
		if tmp0.Meta() != nil {
			var_codegen_DOT_test_DOT_fn_DASH_closure__DASH_main.SetMeta(tmp0.Meta().(lang.IPersistentMap))
		}
	}
	// get-atom
	{
		tmp0 := sym_get_DASH_atom.WithMeta(lang.NewMap(kw_file, "codegen/test/fn_closure.glj", kw_line, int(10), kw_column, int(9), kw_end_DASH_line, int(10), kw_end_DASH_column, int(16), kw_arglists, lang.NewList(lang.NewVector()), kw_ns, lang.FindOrCreateNamespace(sym_codegen_DOT_test_DOT_fn_DASH_closure))).(*lang.Symbol)
		var tmp1 lang.FnFunc
		tmp1 = lang.NewFnFunc(func(args ...any) any {
			checkArity(args, 0)
			tmp2 := checkDerefVar(var_clojure_DOT_core_deref)
			tmp3 := lang.Apply(tmp2, []any{closed1})
			return tmp3
		})
		tmp1 = tmp1.WithMeta(lang.NewMap(kw_rettag, nil)).(lang.FnFunc)
		var_codegen_DOT_test_DOT_fn_DASH_closure_get_DASH_atom = ns.InternWithValue(tmp0, tmp1, true)
		if tmp0.Meta() != nil {
			var_codegen_DOT_test_DOT_fn_DASH_closure_get_DASH_atom.SetMeta(tmp0.Meta().(lang.IPersistentMap))
		}
	}
	// inc-atom
	{
		tmp0 := sym_inc_DASH_atom.WithMeta(lang.NewMap(kw_file, "codegen/test/fn_closure.glj", kw_line, int(8), kw_column, int(9), kw_end_DASH_line, int(8), kw_end_DASH_column, int(16), kw_arglists, lang.NewList(lang.NewVector()), kw_ns, lang.FindOrCreateNamespace(sym_codegen_DOT_test_DOT_fn_DASH_closure))).(*lang.Symbol)
		var tmp1 lang.FnFunc
		tmp1 = lang.NewFnFunc(func(args ...any) any {
			checkArity(args, 0)
			tmp2 := checkDerefVar(var_clojure_DOT_core_swap_BANG_)
			tmp3 := checkDerefVar(var_clojure_DOT_core_inc)
			tmp4 := lang.Apply(tmp2, []any{closed1, tmp3})
			return tmp4
		})
		tmp1 = tmp1.WithMeta(lang.NewMap(kw_rettag, nil)).(lang.FnFunc)
		var_codegen_DOT_test_DOT_fn_DASH_closure_inc_DASH_atom = ns.InternWithValue(tmp0, tmp1, true)
		if tmp0.Meta() != nil {
			var_codegen_DOT_test_DOT_fn_DASH_closure_inc_DASH_atom.SetMeta(tmp0.Meta().(lang.IPersistentMap))
		}
	}
}
