// Code generated by glojure codegen. DO NOT EDIT.

package loop_DASH_simple

import (
	fmt "fmt"
	lang "github.com/glojurelang/glojure/pkg/lang"
	runtime "github.com/glojurelang/glojure/pkg/runtime"
	reflect "reflect"
)

func init() {
	runtime.RegisterNSLoader("codegen/test/loop_simple", LoadNS)
}

func checkDerefVar(v *lang.Var) any {
	if v.IsMacro() {
		panic(lang.NewIllegalArgumentError(fmt.Sprintf("can't take value of macro: %v", v)))
	}
	return v.Get()
}

func checkArity(args []any, expected int) {
	if len(args) != expected {
		panic(lang.NewIllegalArgumentError("wrong number of arguments (" + fmt.Sprint(len(args)) + ")"))
	}
}

func checkArityGTE(args []any, min int) {
	if len(args) < min {
		panic(lang.NewIllegalArgumentError("wrong number of arguments (" + fmt.Sprint(len(args)) + ")"))
	}
}

// LoadNS initializes the namespace "codegen.test.loop-simple"
func LoadNS() {
	sym__DASH_main := lang.NewSymbol("-main")
	sym__LT_ := lang.NewSymbol("<")
	sym_clojure_DOT_core := lang.NewSymbol("clojure.core")
	sym_codegen_DOT_test_DOT_loop_DASH_simple := lang.NewSymbol("codegen.test.loop-simple")
	sym_inc := lang.NewSymbol("inc")
	sym_simple_DASH_loop := lang.NewSymbol("simple-loop")
	kw_arglists := lang.NewKeyword("arglists")
	kw_column := lang.NewKeyword("column")
	kw_end_DASH_column := lang.NewKeyword("end-column")
	kw_end_DASH_line := lang.NewKeyword("end-line")
	kw_expected_DASH_output := lang.NewKeyword("expected-output")
	kw_file := lang.NewKeyword("file")
	kw_line := lang.NewKeyword("line")
	kw_ns := lang.NewKeyword("ns")
	kw_rettag := lang.NewKeyword("rettag")
	// var clojure.core/<
	var_clojure_DOT_core__LT_ := lang.InternVarName(sym_clojure_DOT_core, sym__LT_)
	// var clojure.core/inc
	var_clojure_DOT_core_inc := lang.InternVarName(sym_clojure_DOT_core, sym_inc)
	// var codegen.test.loop-simple/-main
	var_codegen_DOT_test_DOT_loop_DASH_simple__DASH_main := lang.InternVarName(sym_codegen_DOT_test_DOT_loop_DASH_simple, sym__DASH_main)
	// var codegen.test.loop-simple/simple-loop
	var_codegen_DOT_test_DOT_loop_DASH_simple_simple_DASH_loop := lang.InternVarName(sym_codegen_DOT_test_DOT_loop_DASH_simple, sym_simple_DASH_loop)
	// reference fmt to avoid unused import error
	_ = fmt.Printf
	// reference reflect to avoid unused import error
	_ = reflect.TypeOf
	ns := lang.FindOrCreateNamespace(sym_codegen_DOT_test_DOT_loop_DASH_simple)
	_ = ns
	// -main
	{
		tmp0 := sym__DASH_main.WithMeta(lang.NewMap(kw_expected_DASH_output, int64(10), kw_file, "codegen/test/loop_simple.glj", kw_line, int(9), kw_column, int(7), kw_end_DASH_line, int(10), kw_end_DASH_column, int(7), kw_arglists, lang.NewList(lang.NewVector()), kw_ns, lang.FindOrCreateNamespace(sym_codegen_DOT_test_DOT_loop_DASH_simple))).(*lang.Symbol)
		var tmp1 lang.FnFunc
		tmp1 = lang.NewFnFunc(func(args ...any) any {
			checkArity(args, 0)
			tmp2 := checkDerefVar(var_codegen_DOT_test_DOT_loop_DASH_simple_simple_DASH_loop)
			tmp3 := lang.Apply(tmp2, nil)
			return tmp3
		})
		tmp1 = tmp1.WithMeta(lang.NewMap(kw_rettag, nil)).(lang.FnFunc)
		var_codegen_DOT_test_DOT_loop_DASH_simple__DASH_main = ns.InternWithValue(tmp0, tmp1, true)
		if tmp0.Meta() != nil {
			var_codegen_DOT_test_DOT_loop_DASH_simple__DASH_main.SetMeta(tmp0.Meta().(lang.IPersistentMap))
		}
	}
	// simple-loop
	{
		tmp0 := sym_simple_DASH_loop.WithMeta(lang.NewMap(kw_file, "codegen/test/loop_simple.glj", kw_line, int(3), kw_column, int(7), kw_end_DASH_line, int(3), kw_end_DASH_column, int(17), kw_arglists, lang.NewList(lang.NewVector()), kw_ns, lang.FindOrCreateNamespace(sym_codegen_DOT_test_DOT_loop_DASH_simple))).(*lang.Symbol)
		var tmp1 lang.FnFunc
		tmp1 = lang.NewFnFunc(func(args ...any) any {
			checkArity(args, 0)
			var tmp2 any
			{ // let
				// let binding "i"
				var v3 any = int64(0)
				_ = v3
				for {
					var tmp4 any
					tmp5 := checkDerefVar(var_clojure_DOT_core__LT_)
					tmp6 := lang.Apply(tmp5, []any{v3, int64(10)})
					if lang.IsTruthy(tmp6) {
						tmp8 := checkDerefVar(var_clojure_DOT_core_inc)
						tmp9 := lang.Apply(tmp8, []any{v3})
						var tmp7 any = tmp9
						v3 = tmp7
						continue
					} else {
						tmp4 = v3
					}
					tmp2 = tmp4
					break
				}
			} // end let
			return tmp2
		})
		tmp1 = tmp1.WithMeta(lang.NewMap(kw_rettag, nil)).(lang.FnFunc)
		var_codegen_DOT_test_DOT_loop_DASH_simple_simple_DASH_loop = ns.InternWithValue(tmp0, tmp1, true)
		if tmp0.Meta() != nil {
			var_codegen_DOT_test_DOT_loop_DASH_simple_simple_DASH_loop.SetMeta(tmp0.Meta().(lang.IPersistentMap))
		}
	}
}
