// Code generated by glojure codegen. DO NOT EDIT.

package maybe_DASH_class

import (
	fmt "fmt"
	lang "github.com/glojurelang/glojure/pkg/lang"
	runtime "github.com/glojurelang/glojure/pkg/runtime"
	strings3 "strings"
)

func init() {
	runtime.RegisterNSLoader("codegen.test.maybe-class", LoadNS)
}

func checkDerefVar(v *lang.Var) any {
	if v.IsMacro() {
		panic(lang.NewIllegalArgumentError(fmt.Sprintf("can't take value of macro: %v", v)))
	}
	return v.Get()
}

func checkArity(args []any, expected int) {
	if len(args) != expected {
		panic(lang.NewIllegalArgumentError("wrong number of arguments (" + fmt.Sprint(len(args)) + ")"))
	}
}

// LoadNS initializes the namespace "codegen.test.maybe-class"
func LoadNS() {
	sym__DASH_main := lang.NewSymbol("-main")
	sym_codegen_DOT_test_DOT_maybe_DASH_class := lang.NewSymbol("codegen.test.maybe-class")
	sym_glojure_DOT_core := lang.NewSymbol("glojure.core")
	sym_vec := lang.NewSymbol("vec")
	kw_arglists := lang.NewKeyword("arglists")
	kw_column := lang.NewKeyword("column")
	kw_end_DASH_column := lang.NewKeyword("end-column")
	kw_end_DASH_line := lang.NewKeyword("end-line")
	kw_expected_DASH_output := lang.NewKeyword("expected-output")
	kw_file := lang.NewKeyword("file")
	kw_line := lang.NewKeyword("line")
	kw_ns := lang.NewKeyword("ns")
	kw_rettag := lang.NewKeyword("rettag")
	// var glojure.core/vec
	var_glojure_DOT_core_vec := lang.InternVarName(sym_glojure_DOT_core, sym_vec)
	// reference fmt to avoid unused import error
	_ = fmt.Printf
	ns := lang.FindOrCreateNamespace(sym_codegen_DOT_test_DOT_maybe_DASH_class)
	_ = ns
	// -main
	{
		tmp0 := sym__DASH_main.WithMeta(lang.NewMap(kw_expected_DASH_output, lang.NewVector("1", "2", "3"), kw_file, "codegen/test/maybe_class.glj", kw_line, int(3), kw_column, int(7), kw_end_DASH_line, int(3), kw_end_DASH_column, int(45), kw_arglists, lang.NewList(lang.NewVector()), kw_ns, lang.FindOrCreateNamespace(sym_codegen_DOT_test_DOT_maybe_DASH_class))).(*lang.Symbol)
		var tmp2 lang.FnFunc
		tmp2 = lang.NewFnFunc(func(args ...any) any {
			checkArity(args, 0)
			tmp3 := checkDerefVar(var_glojure_DOT_core_vec)
			tmp4 := lang.Apply(strings3.Split, []any{"1,2,3", ","})
			tmp5 := lang.Apply(tmp3, []any{tmp4})
			return tmp5
		})
		tmp2 = tmp2.WithMeta(lang.NewMap(kw_rettag, nil)).(lang.FnFunc)
		tmp1 := ns.InternWithValue(tmp0, tmp2, true)
		if tmp0.Meta() != nil {
			tmp1.SetMeta(tmp0.Meta().(lang.IPersistentMap))
		}
	}
}
