// Code generated by glojure codegen. DO NOT EDIT.

package const_DASH_number

import (
	fmt "fmt"
	lang "github.com/glojurelang/glojure/pkg/lang"
	runtime "github.com/glojurelang/glojure/pkg/runtime"
	reflect "reflect"
)

func init() {
	runtime.RegisterNSLoader("codegen/test/const_number", LoadNS)
}

func checkDerefVar(v *lang.Var) any {
	if v.IsMacro() {
		panic(lang.NewIllegalArgumentError(fmt.Sprintf("can't take value of macro: %v", v)))
	}
	return v.Get()
}

func checkArity(args []any, expected int) {
	if len(args) != expected {
		panic(lang.NewIllegalArgumentError("wrong number of arguments (" + fmt.Sprint(len(args)) + ")"))
	}
}

func checkArityGTE(args []any, min int) {
	if len(args) < min {
		panic(lang.NewIllegalArgumentError("wrong number of arguments (" + fmt.Sprint(len(args)) + ")"))
	}
}

// LoadNS initializes the namespace "codegen.test.const-number"
func LoadNS() {
	sym_codegen_DOT_test_DOT_const_DASH_number := lang.NewSymbol("codegen.test.const-number")
	sym_const_DASH_number := lang.NewSymbol("const-number")
	kw_column := lang.NewKeyword("column")
	kw_doc := lang.NewKeyword("doc")
	kw_end_DASH_column := lang.NewKeyword("end-column")
	kw_end_DASH_line := lang.NewKeyword("end-line")
	kw_file := lang.NewKeyword("file")
	kw_line := lang.NewKeyword("line")
	kw_ns := lang.NewKeyword("ns")
	// var codegen.test.const-number/const-number
	var_codegen_DOT_test_DOT_const_DASH_number_const_DASH_number := lang.InternVarName(sym_codegen_DOT_test_DOT_const_DASH_number, sym_const_DASH_number)
	// reference fmt to avoid unused import error
	_ = fmt.Printf
	// reference reflect to avoid unused import error
	_ = reflect.TypeOf
	ns := lang.FindOrCreateNamespace(sym_codegen_DOT_test_DOT_const_DASH_number)
	_ = ns
	// const-number
	{
		tmp0 := sym_const_DASH_number.WithMeta(lang.NewMap(kw_file, "codegen/test/const_number.glj", kw_line, int(3), kw_column, int(6), kw_end_DASH_line, int(3), kw_end_DASH_column, int(17), kw_doc, "A constant number.", kw_ns, lang.FindOrCreateNamespace(sym_codegen_DOT_test_DOT_const_DASH_number))).(*lang.Symbol)
		var_codegen_DOT_test_DOT_const_DASH_number_const_DASH_number = ns.InternWithValue(tmp0, int64(42), true)
		if tmp0.Meta() != nil {
			var_codegen_DOT_test_DOT_const_DASH_number_const_DASH_number.SetMeta(tmp0.Meta().(lang.IPersistentMap))
		}
	}
}
