// Code generated by glojure codegen. DO NOT EDIT.

package ref

import (
	fmt "fmt"
	lang "github.com/glojurelang/glojure/pkg/lang"
	runtime "github.com/glojurelang/glojure/pkg/runtime"
	reflect "reflect"
)

func init() {
	runtime.RegisterNSLoader("codegen/test/ref", LoadNS)
}

func checkDerefVar(v *lang.Var) any {
	if v.IsMacro() {
		panic(lang.NewIllegalArgumentError(fmt.Sprintf("can't take value of macro: %v", v)))
	}
	return v.Get()
}

func checkArity(args []any, expected int) {
	if len(args) != expected {
		panic(lang.NewIllegalArgumentError("wrong number of arguments (" + fmt.Sprint(len(args)) + ")"))
	}
}

func checkArityGTE(args []any, min int) {
	if len(args) < min {
		panic(lang.NewIllegalArgumentError("wrong number of arguments (" + fmt.Sprint(len(args)) + ")"))
	}
}

// LoadNS initializes the namespace "codegen.test.ref"
func LoadNS() {
	sym__DASH_main := lang.NewSymbol("-main")
	sym_clojure_DOT_core := lang.NewSymbol("clojure.core")
	sym_codegen_DOT_test_DOT_ref := lang.NewSymbol("codegen.test.ref")
	sym_deref := lang.NewSymbol("deref")
	sym_test_DASH_ref := lang.NewSymbol("test-ref")
	kw_arglists := lang.NewKeyword("arglists")
	kw_column := lang.NewKeyword("column")
	kw_doc := lang.NewKeyword("doc")
	kw_end_DASH_column := lang.NewKeyword("end-column")
	kw_end_DASH_line := lang.NewKeyword("end-line")
	kw_expected_DASH_output := lang.NewKeyword("expected-output")
	kw_file := lang.NewKeyword("file")
	kw_line := lang.NewKeyword("line")
	kw_ns := lang.NewKeyword("ns")
	kw_rettag := lang.NewKeyword("rettag")
	// var clojure.core/deref
	var_clojure_DOT_core_deref := lang.InternVarName(sym_clojure_DOT_core, sym_deref)
	// var codegen.test.ref/-main
	var_codegen_DOT_test_DOT_ref__DASH_main := lang.InternVarName(sym_codegen_DOT_test_DOT_ref, sym__DASH_main)
	// var codegen.test.ref/test-ref
	var_codegen_DOT_test_DOT_ref_test_DASH_ref := lang.InternVarName(sym_codegen_DOT_test_DOT_ref, sym_test_DASH_ref)
	// reference fmt to avoid unused import error
	_ = fmt.Printf
	// reference reflect to avoid unused import error
	_ = reflect.TypeOf
	ns := lang.FindOrCreateNamespace(sym_codegen_DOT_test_DOT_ref)
	_ = ns
	// test-ref
	{
		tmp0 := sym_test_DASH_ref.WithMeta(lang.NewMap(kw_file, "codegen/test/ref.glj", kw_line, int(3), kw_column, int(6), kw_end_DASH_line, int(3), kw_end_DASH_column, int(13), kw_doc, "A reference to a set.", kw_ns, lang.FindOrCreateNamespace(sym_codegen_DOT_test_DOT_ref))).(*lang.Symbol)
		tmp1 := lang.NewRef(lang.CreatePersistentTreeSet(lang.NewSliceSeq([]any{int64(1), int64(2), int64(3)})))
		var_codegen_DOT_test_DOT_ref_test_DASH_ref = ns.InternWithValue(tmp0, tmp1, true)
		if tmp0.Meta() != nil {
			var_codegen_DOT_test_DOT_ref_test_DASH_ref.SetMeta(tmp0.Meta().(lang.IPersistentMap))
		}
	}
	// -main
	{
		tmp0 := sym__DASH_main.WithMeta(lang.NewMap(kw_expected_DASH_output, lang.CreatePersistentTreeSet(lang.NewSliceSeq([]any{int64(1), int64(2), int64(3)})), kw_file, "codegen/test/ref.glj", kw_line, int(8), kw_column, int(3), kw_end_DASH_line, int(9), kw_end_DASH_column, int(7), kw_arglists, lang.NewList(lang.NewVector()), kw_ns, lang.FindOrCreateNamespace(sym_codegen_DOT_test_DOT_ref))).(*lang.Symbol)
		var tmp1 lang.FnFunc
		tmp1 = lang.NewFnFunc(func(args ...any) any {
			checkArity(args, 0)
			tmp2 := checkDerefVar(var_clojure_DOT_core_deref)
			tmp3 := checkDerefVar(var_codegen_DOT_test_DOT_ref_test_DASH_ref)
			tmp4 := lang.Apply(tmp2, []any{tmp3})
			return tmp4
		})
		tmp1 = tmp1.WithMeta(lang.NewMap(kw_rettag, nil)).(lang.FnFunc)
		var_codegen_DOT_test_DOT_ref__DASH_main = ns.InternWithValue(tmp0, tmp1, true)
		if tmp0.Meta() != nil {
			var_codegen_DOT_test_DOT_ref__DASH_main.SetMeta(tmp0.Meta().(lang.IPersistentMap))
		}
	}
}
